14:18:06 **** Build of configuration Debug for project STM32F103C8 - V1 ****
make all 
Building file: ../Src/MIDI.c
Invoking: MCU GCC Compiler
C:\Users\Ruben\Documents\School\2019-2020\MNLE-Synth\soft backups\backup soft 21-11-2019\STM32F103C8\Debug
arm-none-eabi-gcc -mcpu=cortex-m3 -mthumb -mfloat-abi=soft '-D__weak=__attribute__((weak))' '-D__packed=__attribute__((__packed__))' -DUSE_HAL_DRIVER -DSTM32F103xB -I"C:/Users/Ruben/Documents/School/2019-2020/MNLE-Synth/soft backups/backup soft 21-11-2019/STM32F103C8/Inc" -I"C:/Users/Ruben/Documents/School/2019-2020/MNLE-Synth/soft backups/backup soft 21-11-2019/STM32F103C8/Drivers/STM32F1xx_HAL_Driver/Inc" -I"C:/Users/Ruben/Documents/School/2019-2020/MNLE-Synth/soft backups/backup soft 21-11-2019/STM32F103C8/Drivers/STM32F1xx_HAL_Driver/Inc/Legacy" -I"C:/Users/Ruben/Documents/School/2019-2020/MNLE-Synth/soft backups/backup soft 21-11-2019/STM32F103C8/Drivers/CMSIS/Device/ST/STM32F1xx/Include" -I"C:/Users/Ruben/Documents/School/2019-2020/MNLE-Synth/soft backups/backup soft 21-11-2019/STM32F103C8/Drivers/CMSIS/Include"  -Og -g3 -Wall -fmessage-length=0 -ffunction-sections -c -fmessage-length=0 -MMD -MP -MF"Src/MIDI.d" -MT"Src/MIDI.o" -o "Src/MIDI.o" "../Src/MIDI.c"
Finished building: ../Src/MIDI.c
 
Building file: ../Src/YM3812.c
Invoking: MCU GCC Compiler
C:\Users\Ruben\Documents\School\2019-2020\MNLE-Synth\soft backups\backup soft 21-11-2019\STM32F103C8\Debug
arm-none-eabi-gcc -mcpu=cortex-m3 -mthumb -mfloat-abi=soft '-D__weak=__attribute__((weak))' '-D__packed=__attribute__((__packed__))' -DUSE_HAL_DRIVER -DSTM32F103xB -I"C:/Users/Ruben/Documents/School/2019-2020/MNLE-Synth/soft backups/backup soft 21-11-2019/STM32F103C8/Inc" -I"C:/Users/Ruben/Documents/School/2019-2020/MNLE-Synth/soft backups/backup soft 21-11-2019/STM32F103C8/Drivers/STM32F1xx_HAL_Driver/Inc" -I"C:/Users/Ruben/Documents/School/2019-2020/MNLE-Synth/soft backups/backup soft 21-11-2019/STM32F103C8/Drivers/STM32F1xx_HAL_Driver/Inc/Legacy" -I"C:/Users/Ruben/Documents/School/2019-2020/MNLE-Synth/soft backups/backup soft 21-11-2019/STM32F103C8/Drivers/CMSIS/Device/ST/STM32F1xx/Include" -I"C:/Users/Ruben/Documents/School/2019-2020/MNLE-Synth/soft backups/backup soft 21-11-2019/STM32F103C8/Drivers/CMSIS/Include"  -Og -g3 -Wall -fmessage-length=0 -ffunction-sections -c -fmessage-length=0 -MMD -MP -MF"Src/YM3812.d" -MT"Src/YM3812.o" -o "Src/YM3812.o" "../Src/YM3812.c"
Finished building: ../Src/YM3812.c
 
Building target: STM32F103C8 - V1.elf
Invoking: MCU GCC Linker
arm-none-eabi-gcc -mcpu=cortex-m3 -mthumb -mfloat-abi=soft -specs=nosys.specs -specs=nano.specs -T"../STM32F103C8Tx_FLASH.ld" -Wl,-Map=output.map -Wl,--gc-sections -o "STM32F103C8 - V1.elf" @"objects.list"   -lm
Finished building target: STM32F103C8 - V1.elf
 
make --no-print-directory post-build
Generating hex and Printing size information:
arm-none-eabi-objcopy -O ihex "STM32F103C8 - V1.elf" "STM32F103C8 - V1.hex"
arm-none-eabi-size "STM32F103C8 - V1.elf"
   text	   data	    bss	    dec	    hex	filename
   8788	     92	   1956	  10836	   2a54	STM32F103C8 - V1.elf
 

14:18:10 Build Finished (took 3s.894ms)

